c:\parallax-dev\parallax\build\src\parallax.dir\debug\vc145.pdb
c:\parallax-dev\parallax\build\src\parallax.dir\debug\window.obj
c:\parallax-dev\parallax\build\src\parallax.dir\debug\logger.obj
c:\parallax-dev\parallax\build\src\parallax.dir\debug\main.obj
c:\parallax-dev\parallax\build\src\parallax.dir\debug\swapchain.obj
c:\parallax-dev\parallax\build\src\parallax.dir\debug\pipeline.obj
c:\parallax-dev\parallax\build\src\parallax.dir\debug\context.obj
c:\parallax-dev\parallax\build\src\parallax.dir\debug\application.obj
c:\parallax-dev\parallax\build\src\parallax.dir\debug\time_system.obj
c:\parallax-dev\parallax\build\src\parallax.dir\debug\coordinates.obj
c:\parallax-dev\parallax\build\src\parallax.dir\debug\camera.obj
c:\parallax-dev\parallax\build\src\parallax.dir\debug\input.obj
c:\parallax-dev\parallax\build\src\parallax.dir\debug\starfield.obj
c:\parallax-dev\parallax\build\src\parallax.dir\debug\catalog_loader.obj
c:\parallax-dev\parallax\build\src\parallax.dir\debug\sky_background.obj
c:\parallax-dev\parallax\build\src\parallax.dir\debug\atmosphere.obj
c:\parallax-dev\parallax\build\src\cmakefiles\generate.stamp
c:\parallax-dev\parallax\build\bin\debug\parallax.exe
c:\parallax-dev\parallax\build\bin\debug\parallax.pdb
c:\parallax-dev\parallax\build\src\parallax.dir\debug\parallax.ilk
c:\parallax-dev\parallax\build\src\parallax.dir\debug\parallax.tlog\cl.command.1.tlog
c:\parallax-dev\parallax\build\src\parallax.dir\debug\parallax.tlog\cl.items.tlog
c:\parallax-dev\parallax\build\src\parallax.dir\debug\parallax.tlog\cl.read.1.tlog
c:\parallax-dev\parallax\build\src\parallax.dir\debug\parallax.tlog\cl.write.1.tlog
c:\parallax-dev\parallax\build\src\parallax.dir\debug\parallax.tlog\custombuild.command.1.tlog
c:\parallax-dev\parallax\build\src\parallax.dir\debug\parallax.tlog\custombuild.read.1.tlog
c:\parallax-dev\parallax\build\src\parallax.dir\debug\parallax.tlog\custombuild.write.1.tlog
c:\parallax-dev\parallax\build\src\parallax.dir\debug\parallax.tlog\link.command.1.tlog
c:\parallax-dev\parallax\build\src\parallax.dir\debug\parallax.tlog\link.read.1.tlog
c:\parallax-dev\parallax\build\src\parallax.dir\debug\parallax.tlog\link.secondary.1.tlog
c:\parallax-dev\parallax\build\src\parallax.dir\debug\parallax.tlog\link.write.1.tlog
