Detecting compiler hash for triplet x64-windows...
Compiler found: C:/Program Files/Microsoft Visual Studio/18/Community/VC/Tools/MSVC/14.50.35717/bin/Hostx64/x64/cl.exe
The following packages will be built and installed:
    doctest:x64-windows@2.4.12
  * fmt:x64-windows@12.1.0
    glm:x64-windows@1.0.3
    sdl2[core,vulkan]:x64-windows@2.32.10
    spdlog[core,fmt,tz-offset]:x64-windows@1.17.0
  * vcpkg-cmake:x64-windows@2024-04-23
  * vcpkg-cmake-config:x64-windows@2024-05-23
    vulkan-memory-allocator:x64-windows@3.3.0
Additional packages (*) will be modified to complete this operation.
Restored 8 package(s) from C:\Users\sputn\AppData\Local\vcpkg\archives in 6.1 s. Use --debug to see more details.
Installing 1/8 vcpkg-cmake-config:x64-windows@2024-05-23...
vcpkg-cmake-config:x64-windows@2024-05-23 package ABI: 8fe973245cfc9a55ba968a7ead6cb720b013d02a1c2715ab5e5e1fb6fb885663
Elapsed time to handle vcpkg-cmake-config:x64-windows: 341 ms
Installing 2/8 vcpkg-cmake:x64-windows@2024-04-23...
vcpkg-cmake:x64-windows@2024-04-23 package ABI: 2ef88504cb709b78f1540685ef91c09832d8e37e29d703707667d8b4b73909cd
Elapsed time to handle vcpkg-cmake:x64-windows: 7.65 ms
Installing 3/8 doctest:x64-windows@2.4.12...
doctest:x64-windows@2.4.12 package ABI: d6a893116a81465c7af8099f7d3a55b0228a7857209ebfdf186764597d69068d
Elapsed time to handle doctest:x64-windows: 9.95 ms
Installing 4/8 glm:x64-windows@1.0.3...
glm:x64-windows@1.0.3 package ABI: efb77410dc70b6493f8f9c77a516b6bf3f5f7b4dc6bb55f1a78f584611b14e29
Elapsed time to handle glm:x64-windows: 240 ms
Installing 5/8 sdl2[core,vulkan]:x64-windows@2.32.10...
sdl2[core,vulkan]:x64-windows@2.32.10 package ABI: 1982e0e8ececacea6479b63de78edb517ad297f219f4491b7b7226333e897408
Elapsed time to handle sdl2:x64-windows: 29.8 ms
Installing 6/8 fmt:x64-windows@12.1.0...
fmt:x64-windows@12.1.0 package ABI: d64b17d08cc21ebb62efac8473584e3d61cdd22243b26a39eaa6d51876613a6b
Elapsed time to handle fmt:x64-windows: 11.6 ms
Installing 7/8 spdlog[core,fmt,tz-offset]:x64-windows@1.17.0...
spdlog[core,fmt,tz-offset]:x64-windows@1.17.0 package ABI: 93f6a528bede9449bde55ab0b14d589b9bfb93ac9fc61da713c62799cb01d4dd
Elapsed time to handle spdlog:x64-windows: 30.9 ms
Installing 8/8 vulkan-memory-allocator:x64-windows@3.3.0...
vulkan-memory-allocator:x64-windows@3.3.0 package ABI: b91d845ceb87e4feb259dd5302cde0bd3b7ccd15574b597bbba7d83edf397b4c
Elapsed time to handle vulkan-memory-allocator:x64-windows: 7.4 ms
Installed contents are licensed to you by owners. Microsoft is not responsible for, nor does it grant any licenses to, third-party packages.
Packages installed in this vcpkg installation declare the following licenses:
MIT
Zlib
doctest provides CMake targets:

  # this is heuristically generated, and may not be correct
  find_package(doctest CONFIG REQUIRED)
  target_link_libraries(main PRIVATE doctest::doctest)

The package glm provides CMake targets:

    find_package(glm CONFIG REQUIRED)
    target_link_libraries(main PRIVATE glm::glm)

    # Or use the header-only version
    find_package(glm CONFIG REQUIRED)
    target_link_libraries(main PRIVATE glm::glm-header-only)

sdl2 provides CMake targets:

    find_package(SDL2 CONFIG REQUIRED)
    target_link_libraries(main
        PRIVATE
        $<TARGET_NAME_IF_EXISTS:SDL2::SDL2main>
        $<IF:$<TARGET_EXISTS:SDL2::SDL2>,SDL2::SDL2,SDL2::SDL2-static>
    )

The package spdlog provides CMake targets:

    find_package(spdlog CONFIG REQUIRED)
    target_link_libraries(main PRIVATE spdlog::spdlog)

    # Or use the header-only version
    find_package(spdlog CONFIG REQUIRED)
    target_link_libraries(main PRIVATE spdlog::spdlog_header_only)

VulkanMemoryAllocator provides official find_package support. However, it requires the user to provide the include directory containing `vulkan/vulkan.h`. There are multiple ways to achieve this and VulkanMemoryAllocator is compatible with all of them.

    find_package(Vulkan) # https://cmake.org/cmake/help/latest/module/FindVulkan.html, CMake 3.21+
    find_package(VulkanMemoryAllocator CONFIG REQUIRED)
    target_link_libraries(main PRIVATE Vulkan::Vulkan GPUOpen::VulkanMemoryAllocator)

or

    find_package(Vulkan) # CMake 3.21+
    find_package(VulkanMemoryAllocator CONFIG REQUIRED)
    target_link_libraries(main PRIVATE Vulkan::Headers GPUOpen::VulkanMemoryAllocator)

or

    find_package(VulkanHeaders CONFIG) # From the vulkan-headers port
    find_package(VulkanMemoryAllocator CONFIG REQUIRED)
    target_link_libraries(main PRIVATE Vulkan::Headers GPUOpen::VulkanMemoryAllocator)

See the documentation for more information on setting up your project: https://gpuopen-librariesandsdks.github.io/VulkanMemoryAllocator/html/index.html

All requested installations completed successfully in: 684 ms
